---
source: src/parser.rs
expression: result
---
- "\n             filter ::= a_b_cat;\n             a_b_cat ::= 'a' | 'b';\n        "
- - lhs: filter
    rhs:
      NonTerminal: a_b_cat
  - lhs: a_b_cat
    rhs:
      Symbol:
        - String: a
        - Alternation
        - String: b
